../Core/Src/main.c:107:6:i2c_scanner	32	static
../Core/Src/main.c:131:5:main	8	static
../Core/Src/main.c:178:6:SystemClock_Config	128	static
../Core/Src/main.c:230:13:MX_I2C1_Init	8	static
../Core/Src/main.c:278:13:MX_USART1_UART_Init	8	static
../Core/Src/main.c:313:13:MX_GPIO_Init	24	static
../Core/Src/main.c:325:6:lsm303agr_read_data_polling	88	static
../Core/Src/main.c:433:16:platform_write	56	static
../Core/Src/main.c:466:16:platform_read	56	static
../Core/Src/main.c:498:13:tx_com	16	static
../Core/Src/main.c:514:13:platform_delay	16	static
../Core/Src/main.c:528:6:Error_Handler	8	static,ignoring_inline_asm
