../Core/Src/main.c:87:6:Send_Uart	16	static
../Core/Src/main.c:94:6:Send_Uart2	16	static
../Core/Src/main.c:110:5:main	16	static
../Core/Src/main.c:184:6:SystemClock_Config	128	static
../Core/Src/main.c:235:13:MX_USART1_UART_Init	8	static
../Core/Src/main.c:270:13:MX_GPIO_Init	16	static
../Core/Src/main.c:283:6:HPT_Task	32	static
../Core/Src/main.c:302:6:MPT_Task	32	static
../Core/Src/main.c:321:6:LPT_Task	32	static
../Core/Src/main.c:541:6:HAL_TIM_PeriodElapsedCallback	16	static
../Core/Src/main.c:558:6:Error_Handler	8	static,ignoring_inline_asm
