../Core/Src/main.c:88:5:main	24	static
../Core/Src/main.c:151:6:SystemClock_Config	128	static
../Core/Src/main.c:198:13:MX_USART1_UART_Init	8	static
../Core/Src/main.c:231:13:MX_GPIO_Init	16	static
../Core/Src/main.c:244:6:Sender_HPT_Task	32	static
../Core/Src/main.c:263:6:Sender_LPT_Task	32	static
../Core/Src/main.c:285:6:Receiver_Task	136	static
../Core/Src/main.c:305:6:HAL_UART_RxCpltCallback	24	static
../Core/Src/main.c:340:7:HAL_TIM_PeriodElapsedCallback	16	static
../Core/Src/main.c:356:7:Error_Handler	8	static,ignoring_inline_asm
