../Core/Src/main.c:86:6:Send_Uart	16	static
../Core/Src/main.c:99:5:main	16	static
../Core/Src/main.c:157:6:SystemClock_Config	128	static
../Core/Src/main.c:204:13:MX_USART1_UART_Init	8	static
../Core/Src/main.c:237:13:MX_GPIO_Init	16	static
../Core/Src/main.c:249:6:HPT_Task	32	static
../Core/Src/main.c:267:6:MPT_Task	32	static
../Core/Src/main.c:284:6:LPT_Task	32	static
../Core/Src/main.c:311:6:HAL_TIM_PeriodElapsedCallback	16	static
../Core/Src/main.c:327:6:Error_Handler	8	static,ignoring_inline_asm
