12:24:25 **** Incremental Build of configuration Debug for project I2C TEMPRATURE SENSOR ****
make -j4 all 
arm-none-eabi-gcc "../Core/Src/main.c" -mcpu=cortex-m0plus -std=gnu11 -g3 -DDEBUG -DUSE_HAL_DRIVER -DSTM32L053xx -c -I../Core/Inc -I../Drivers/STM32L0xx_HAL_Driver/Inc -I../Drivers/STM32L0xx_HAL_Driver/Inc/Legacy -I../Drivers/CMSIS/Device/ST/STM32L0xx/Include -I../Drivers/CMSIS/Include -I"C:/Users/DNK124/Desktop/priyesh/STM32/I2C TEMPRATURE SENSOR/Drivers/BSP/components/sht21_sensor" -O0 -ffunction-sections -fdata-sections -Wall -fstack-usage -MMD -MP -MF"Core/Src/main.d" -MT"Core/Src/main.o" --specs=nano.specs -mfloat-abi=soft -mthumb -o "Core/Src/main.o"
arm-none-eabi-gcc "../Core/Src/stm32l0xx_it.c" -mcpu=cortex-m0plus -std=gnu11 -g3 -DDEBUG -DUSE_HAL_DRIVER -DSTM32L053xx -c -I../Core/Inc -I../Drivers/STM32L0xx_HAL_Driver/Inc -I../Drivers/STM32L0xx_HAL_Driver/Inc/Legacy -I../Drivers/CMSIS/Device/ST/STM32L0xx/Include -I../Drivers/CMSIS/Include -I"C:/Users/DNK124/Desktop/priyesh/STM32/I2C TEMPRATURE SENSOR/Drivers/BSP/components/sht21_sensor" -O0 -ffunction-sections -fdata-sections -Wall -fstack-usage -MMD -MP -MF"Core/Src/stm32l0xx_it.d" -MT"Core/Src/stm32l0xx_it.o" --specs=nano.specs -mfloat-abi=soft -mthumb -o "Core/Src/stm32l0xx_it.o"
arm-none-eabi-gcc "../Core/Src/syscalls.c" -mcpu=cortex-m0plus -std=gnu11 -g3 -DDEBUG -DUSE_HAL_DRIVER -DSTM32L053xx -c -I../Core/Inc -I../Drivers/STM32L0xx_HAL_Driver/Inc -I../Drivers/STM32L0xx_HAL_Driver/Inc/Legacy -I../Drivers/CMSIS/Device/ST/STM32L0xx/Include -I../Drivers/CMSIS/Include -I"C:/Users/DNK124/Desktop/priyesh/STM32/I2C TEMPRATURE SENSOR/Drivers/BSP/components/sht21_sensor" -O0 -ffunction-sections -fdata-sections -Wall -fstack-usage -MMD -MP -MF"Core/Src/syscalls.d" -MT"Core/Src/syscalls.o" --specs=nano.specs -mfloat-abi=soft -mthumb -o "Core/Src/syscalls.o"
arm-none-eabi-gcc "../Core/Src/system_stm32l0xx.c" -mcpu=cortex-m0plus -std=gnu11 -g3 -DDEBUG -DUSE_HAL_DRIVER -DSTM32L053xx -c -I../Core/Inc -I../Drivers/STM32L0xx_HAL_Driver/Inc -I../Drivers/STM32L0xx_HAL_Driver/Inc/Legacy -I../Drivers/CMSIS/Device/ST/STM32L0xx/Include -I../Drivers/CMSIS/Include -I"C:/Users/DNK124/Desktop/priyesh/STM32/I2C TEMPRATURE SENSOR/Drivers/BSP/components/sht21_sensor" -O0 -ffunction-sections -fdata-sections -Wall -fstack-usage -MMD -MP -MF"Core/Src/system_stm32l0xx.d" -MT"Core/Src/system_stm32l0xx.o" --specs=nano.specs -mfloat-abi=soft -mthumb -o "Core/Src/system_stm32l0xx.o"
../Core/Src/main.c: In function 'main':
../Core/Src/main.c:133:13: warning: pointer targets in passing argument 1 of 'sprintf' differ in signedness [-Wpointer-sign]
  133 |     sprintf(buffer,
      |             ^~~~~~
      |             |
      |             unsigned char *
In file included from ../Core/Src/main.c:22:
c:\st\stm32cubeide_1.5.1\stm32cubeide\plugins\com.st.stm32cube.ide.mcu.externaltools.gnu-tools-for-stm32.10.3-2021.10.win32_1.0.0.202111181127\tools\arm-none-eabi\include\stdio.h:244:14: note: expected 'char * restrict' but argument is of type 'unsigned char *'
  244 | int sprintf (char *__restrict, const char *__restrict, ...)
      |              ^
../Core/Src/main.c:134:9: warning: format '%d' expects argument of type 'int', but argument 3 has type 'int32_t' {aka 'long int'} [-Wformat=]
  134 |       "%d.%dºC, %d.%dºF, %d.%d K, %d.%d%% RH\n",
      |        ~^
      |         |
      |         int
      |        %ld
  135 |       SHT2x_GetInteger(cel), SHT2x_GetDecimal(cel, 1),
      |       ~~~~~~~~~~~~~~~~~~~~~
      |       |
      |       int32_t {aka long int}
../Core/Src/main.c:134:12: warning: format '%d' expects argument of type 'int', but argument 4 has type 'uint32_t' {aka 'long unsigned int'} [-Wformat=]
  134 |       "%d.%dºC, %d.%dºF, %d.%d K, %d.%d%% RH\n",
      |           ~^
      |            |
      |            int
      |           %ld
  135 |       SHT2x_GetInteger(cel), SHT2x_GetDecimal(cel, 1),
      |                              ~~~~~~~~~~~~~~~~~~~~~~~~
      |                              |
      |                              uint32_t {aka long unsigned int}
../Core/Src/main.c:134:19: warning: format '%d' expects argument of type 'int', but argument 5 has type 'int32_t' {aka 'long int'} [-Wformat=]
  134 |       "%d.%dºC, %d.%dºF, %d.%d K, %d.%d%% RH\n",
      |                 ~^
      |                  |
      |                  int
      |                 %ld
  135 |       SHT2x_GetInteger(cel), SHT2x_GetDecimal(cel, 1),
  136 |       SHT2x_GetInteger(fah), SHT2x_GetDecimal(fah, 1),
      |       ~~~~~~~~~~~~~~~~~~~~~
      |       |
      |       int32_t {aka long int}
../Core/Src/main.c:134:22: warning: format '%d' expects argument of type 'int', but argument 6 has type 'uint32_t' {aka 'long unsigned int'} [-Wformat=]
  134 |       "%d.%dºC, %d.%dºF, %d.%d K, %d.%d%% RH\n",
      |                    ~^
      |                     |
      |                     int
      |                    %ld
  135 |       SHT2x_GetInteger(cel), SHT2x_GetDecimal(cel, 1),
  136 |       SHT2x_GetInteger(fah), SHT2x_GetDecimal(fah, 1),
      |                              ~~~~~~~~~~~~~~~~~~~~~~~~
      |                              |
      |                              uint32_t {aka long unsigned int}
../Core/Src/main.c:134:29: warning: format '%d' expects argument of type 'int', but argument 7 has type 'int32_t' {aka 'long int'} [-Wformat=]
  134 |       "%d.%dºC, %d.%dºF, %d.%d K, %d.%d%% RH\n",
      |                          ~^
      |                           |
      |                           int
      |                          %ld
......
  137 |       SHT2x_GetInteger(kel), SHT2x_GetDecimal(kel, 1),
      |       ~~~~~~~~~~~~~~~~~~~~~
      |       |
      |       int32_t {aka long int}
../Core/Src/main.c:134:32: warning: format '%d' expects argument of type 'int', but argument 8 has type 'uint32_t' {aka 'long unsigned int'} [-Wformat=]
  134 |       "%d.%dºC, %d.%dºF, %d.%d K, %d.%d%% RH\n",
      |                             ~^
      |                              |
      |                              int
      |                             %ld
......
  137 |       SHT2x_GetInteger(kel), SHT2x_GetDecimal(kel, 1),
      |                              ~~~~~~~~~~~~~~~~~~~~~~~~
      |                              |
      |                              uint32_t {aka long unsigned int}
../Core/Src/main.c:134:38: warning: format '%d' expects argument of type 'int', but argument 9 has type 'int32_t' {aka 'long int'} [-Wformat=]
  134 |       "%d.%dºC, %d.%dºF, %d.%d K, %d.%d%% RH\n",
      |                                   ~^
      |                                    |
      |                                    int
      |                                   %ld
......
  138 |       SHT2x_GetInteger(rh), SHT2x_GetDecimal(rh, 1));
      |       ~~~~~~~~~~~~~~~~~~~~          
      |       |
      |       int32_t {aka long int}
../Core/Src/main.c:134:41: warning: format '%d' expects argument of type 'int', but argument 10 has type 'uint32_t' {aka 'long unsigned int'} [-Wformat=]
  134 |       "%d.%dºC, %d.%dºF, %d.%d K, %d.%d%% RH\n",
      |                                      ~^
      |                                       |
      |                                       int
      |                                      %ld
......
  138 |       SHT2x_GetInteger(rh), SHT2x_GetDecimal(rh, 1));
      |                             ~~~~~~~~~~~~~~~~~~~~~~~
      |                             |
      |                             uint32_t {aka long unsigned int}
../Core/Src/main.c:139:47: warning: pointer targets in passing argument 1 of 'strlen' differ in signedness [-Wpointer-sign]
  139 |     HAL_UART_Transmit(&huart1, buffer, strlen(buffer), 1000);
      |                                               ^~~~~~
      |                                               |
      |                                               unsigned char *
In file included from ../Core/Src/main.c:23:
c:\st\stm32cubeide_1.5.1\stm32cubeide\plugins\com.st.stm32cube.ide.mcu.externaltools.gnu-tools-for-stm32.10.3-2021.10.win32_1.0.0.202111181127\tools\arm-none-eabi\include\string.h:41:17: note: expected 'const char *' but argument is of type 'unsigned char *'
   41 | size_t  strlen (const char *);
      |                 ^~~~~~~~~~~~
arm-none-eabi-gcc -o "I2C TEMPRATURE SENSOR.elf" @"objects.list"   -mcpu=cortex-m0plus -T"C:\Users\DNK124\Desktop\priyesh\STM32\I2C TEMPRATURE SENSOR\STM32L053C8TX_FLASH.ld" --specs=nosys.specs -Wl,-Map="I2C TEMPRATURE SENSOR.map" -Wl,--gc-sections -static --specs=nano.specs -mfloat-abi=soft -mthumb -Wl,--start-group -lc -lm -Wl,--end-group
Finished building target: I2C TEMPRATURE SENSOR.elf
 
arm-none-eabi-size   I2C\ TEMPRATURE\ SENSOR.elf 
arm-none-eabi-objdump -h -S  I2C\ TEMPRATURE\ SENSOR.elf  > "I2C TEMPRATURE SENSOR.list"
   text	   data	    bss	    dec	    hex	filename
  27320	    120	   1816	  29256	   7248	I2C TEMPRATURE SENSOR.elf
Finished building: default.size.stdout
 
Finished building: I2C TEMPRATURE SENSOR.list
 

12:24:27 Build Finished. 0 errors, 10 warnings. (took 1s.656ms)

