17:38:16 **** Incremental Build of configuration Debug for project I2C TEMPRATURE SENSOR ****
make -j4 all 
arm-none-eabi-gcc "../Core/Src/main.c" -mcpu=cortex-m0plus -std=gnu11 -g3 -DDEBUG -DUSE_HAL_DRIVER -DSTM32L053xx -c -I../Core/Inc -I../Drivers/STM32L0xx_HAL_Driver/Inc -I../Drivers/STM32L0xx_HAL_Driver/Inc/Legacy -I../Drivers/CMSIS/Device/ST/STM32L0xx/Include -I../Drivers/CMSIS/Include -I"C:/Users/DNK124/Desktop/Priyesh/STM32/I2C TEMPRATURE SENSOR/Drivers/BSP/components/sht21_sensor" -O0 -ffunction-sections -fdata-sections -Wall -fstack-usage -fcyclomatic-complexity -MMD -MP -MF"Core/Src/main.d" -MT"Core/Src/main.o" --specs=nano.specs -mfloat-abi=soft -mthumb -o "Core/Src/main.o"
../Core/Src/main.c: In function 'main':
../Core/Src/main.c:133:41: warning: pointer targets in passing argument 1 of 'sprintf' differ in signedness [-Wpointer-sign]
  133 |                                 sprintf(buffer,
      |                                         ^~~~~~
      |                                         |
      |                                         unsigned char *
In file included from ../Core/Src/main.c:22:
C:\ST\STM32CubeIDE_1.13.1\STM32CubeIDE\plugins\com.st.stm32cube.ide.mcu.externaltools.gnu-tools-for-stm32.11.3.rel1.win32_1.1.0.202305231506\tools\bin/../lib/gcc/arm-none-eabi/11.3.1/../../../../arm-none-eabi/include/stdio.h:254:18: note: expected 'char * restrict' but argument is of type 'unsigned char *'
  254 | int     sprintf (char *__restrict, const char *__restrict, ...)
      |                  ^
../Core/Src/main.c:134:51: warning: format '%d' expects argument of type 'int', but argument 3 has type 'int32_t' {aka 'long int'} [-Wformat=]
  134 |                                                 "%d.%dºC, %d.%dºF, %d.%d K, %d.%d%% RH\n",
      |                                                  ~^
      |                                                   |
      |                                                   int
      |                                                  %ld
  135 |                                                 SHT2x_GetInteger(cel), SHT2x_GetDecimal(cel, 1),
      |                                                 ~~~~~~~~~~~~~~~~~~~~~
      |                                                 |
      |                                                 int32_t {aka long int}
../Core/Src/main.c:134:54: warning: format '%d' expects argument of type 'int', but argument 4 has type 'uint32_t' {aka 'long unsigned int'} [-Wformat=]
  134 |                                                 "%d.%dºC, %d.%dºF, %d.%d K, %d.%d%% RH\n",
      |                                                     ~^
      |                                                      |
      |                                                      int
      |                                                     %ld
  135 |                                                 SHT2x_GetInteger(cel), SHT2x_GetDecimal(cel, 1),
      |                                                                        ~~~~~~~~~~~~~~~~~~~~~~~~
      |                                                                        |
      |                                                                        uint32_t {aka long unsigned int}
../Core/Src/main.c:134:60: warning: format '%d' expects argument of type 'int', but argument 5 has type 'int32_t' {aka 'long int'} [-Wformat=]
  134 |                                                 "%d.%dºC, %d.%dºF, %d.%d K, %d.%d%% RH\n",
      |                                                           ~^
      |                                                            |
      |                                                            int
      |                                                           %ld
  135 |                                                 SHT2x_GetInteger(cel), SHT2x_GetDecimal(cel, 1),
  136 |                                                 SHT2x_GetInteger(fah), SHT2x_GetDecimal(fah, 1),
      |                                                 ~~~~~~~~~~~~~~~~~~~~~
      |                                                 |
      |                                                 int32_t {aka long int}
../Core/Src/main.c:134:63: warning: format '%d' expects argument of type 'int', but argument 6 has type 'uint32_t' {aka 'long unsigned int'} [-Wformat=]
  134 |                                                 "%d.%dºC, %d.%dºF, %d.%d K, %d.%d%% RH\n",
      |                                                              ~^
      |                                                               |
      |                                                               int
      |                                                              %ld
  135 |                                                 SHT2x_GetInteger(cel), SHT2x_GetDecimal(cel, 1),
  136 |                                                 SHT2x_GetInteger(fah), SHT2x_GetDecimal(fah, 1),
      |                                                                        ~~~~~~~~~~~~~~~~~~~~~~~~
      |                                                                        |
      |                                                                        uint32_t {aka long unsigned int}
../Core/Src/main.c:134:69: warning: format '%d' expects argument of type 'int', but argument 7 has type 'int32_t' {aka 'long int'} [-Wformat=]
  134 |                                                 "%d.%dºC, %d.%dºF, %d.%d K, %d.%d%% RH\n",
      |                                                                    ~^
      |                                                                     |
      |                                                                     int
      |                                                                    %ld
......
  137 |                                                 SHT2x_GetInteger(kel), SHT2x_GetDecimal(kel, 1),
      |                                                 ~~~~~~~~~~~~~~~~~~~~~
      |                                                 |
      |                                                 int32_t {aka long int}
../Core/Src/main.c:134:72: warning: format '%d' expects argument of type 'int', but argument 8 has type 'uint32_t' {aka 'long unsigned int'} [-Wformat=]
  134 |                                                 "%d.%dºC, %d.%dºF, %d.%d K, %d.%d%% RH\n",
      |                                                                       ~^
      |                                                                        |
      |                                                                        int
      |                                                                       %ld
......
  137 |                                                 SHT2x_GetInteger(kel), SHT2x_GetDecimal(kel, 1),
      |                                                                        ~~~~~~~~~~~~~~~~~~~~~~~~
      |                                                                        |
      |                                                                        uint32_t {aka long unsigned int}
../Core/Src/main.c:134:78: warning: format '%d' expects argument of type 'int', but argument 9 has type 'int32_t' {aka 'long int'} [-Wformat=]
  134 |                                                 "%d.%dºC, %d.%dºF, %d.%d K, %d.%d%% RH\n",
      |                                                                             ~^
      |                                                                              |
      |                                                                              int
      |                                                                             %ld
......
  138 |                                                 SHT2x_GetInteger(rh), SHT2x_GetDecimal(rh, 1));
      |                                                 ~~~~~~~~~~~~~~~~~~~~          
      |                                                 |
      |                                                 int32_t {aka long int}
../Core/Src/main.c:134:81: warning: format '%d' expects argument of type 'int', but argument 10 has type 'uint32_t' {aka 'long unsigned int'} [-Wformat=]
  134 |                                                 "%d.%dºC, %d.%dºF, %d.%d K, %d.%d%% RH\n",
      |                                                                                ~^
      |                                                                                 |
      |                                                                                 int
      |                                                                                %ld
......
  138 |                                                 SHT2x_GetInteger(rh), SHT2x_GetDecimal(rh, 1));
      |                                                                       ~~~~~~~~~~~~~~~~~~~~~~~
      |                                                                       |
      |                                                                       uint32_t {aka long unsigned int}
../Core/Src/main.c:139:75: warning: pointer targets in passing argument 1 of 'strlen' differ in signedness [-Wpointer-sign]
  139 |                                 HAL_UART_Transmit(&huart1, buffer, strlen(buffer), 1000);
      |                                                                           ^~~~~~
      |                                                                           |
      |                                                                           unsigned char *
In file included from ../Core/Src/main.c:23:
C:\ST\STM32CubeIDE_1.13.1\STM32CubeIDE\plugins\com.st.stm32cube.ide.mcu.externaltools.gnu-tools-for-stm32.11.3.rel1.win32_1.1.0.202305231506\tools\bin/../lib/gcc/arm-none-eabi/11.3.1/../../../../arm-none-eabi/include/string.h:41:18: note: expected 'const char *' but argument is of type 'unsigned char *'
   41 | size_t   strlen (const char *);
      |                  ^~~~~~~~~~~~
arm-none-eabi-gcc -o "I2C TEMPRATURE SENSOR.elf" @"objects.list"   -mcpu=cortex-m0plus -T"C:\Users\DNK124\Desktop\Priyesh\STM32\I2C TEMPRATURE SENSOR\STM32L053C8TX_FLASH.ld" --specs=nosys.specs -Wl,-Map="I2C TEMPRATURE SENSOR.map" -Wl,--gc-sections -static --specs=nano.specs -mfloat-abi=soft -mthumb -Wl,--start-group -lc -lm -Wl,--end-group
Finished building target: I2C TEMPRATURE SENSOR.elf
 
arm-none-eabi-size   I2C\ TEMPRATURE\ SENSOR.elf 
arm-none-eabi-objdump -h -S  I2C\ TEMPRATURE\ SENSOR.elf  > "I2C TEMPRATURE SENSOR.list"
   text	   data	    bss	    dec	    hex	filename
  27480	    100	   2124	  29704	   7408	I2C TEMPRATURE SENSOR.elf
Finished building: default.size.stdout
 
Finished building: I2C TEMPRATURE SENSOR.list
 

17:38:18 Build Finished. 0 errors, 10 warnings. (took 1s.452ms)

