14:13:59 **** Build of configuration Debug for project POWER_SAVING_WAKE_UP_BY_RTC ****
make -j4 all 
arm-none-eabi-gcc "../Core/Src/main.c" -mcpu=cortex-m0plus -std=gnu11 -g3 -DDEBUG -DUSE_HAL_DRIVER -DSTM32L053xx -c -I../Core/Inc -I../Drivers/STM32L0xx_HAL_Driver/Inc -I../Drivers/STM32L0xx_HAL_Driver/Inc/Legacy -I../Drivers/CMSIS/Device/ST/STM32L0xx/Include -I../Drivers/CMSIS/Include -O0 -ffunction-sections -fdata-sections -Wall -fstack-usage -fcyclomatic-complexity -MMD -MP -MF"Core/Src/main.d" -MT"Core/Src/main.o" --specs=nano.specs -mfloat-abi=soft -mthumb -o "Core/Src/main.o"
arm-none-eabi-gcc -o "POWER_SAVING_WAKE_UP_BY_RTC.elf" @"objects.list"   -mcpu=cortex-m0plus -T"C:\Users\DNK124\Desktop\Priyesh\STM32\POWER_SAVING_WAKE_UP_BY_RTC\STM32L053C8TX_FLASH.ld" --specs=nosys.specs -Wl,-Map="POWER_SAVING_WAKE_UP_BY_RTC.map" -Wl,--gc-sections -static --specs=nano.specs -mfloat-abi=soft -mthumb -Wl,--start-group -lc -lm -Wl,--end-group
Finished building target: POWER_SAVING_WAKE_UP_BY_RTC.elf
 
arm-none-eabi-size   POWER_SAVING_WAKE_UP_BY_RTC.elf 
arm-none-eabi-objdump -h -S  POWER_SAVING_WAKE_UP_BY_RTC.elf  > "POWER_SAVING_WAKE_UP_BY_RTC.list"
   text	   data	    bss	    dec	    hex	filename
  13032	     20	   1748	  14800	   39d0	POWER_SAVING_WAKE_UP_BY_RTC.elf
Finished building: default.size.stdout
 
Finished building: POWER_SAVING_WAKE_UP_BY_RTC.list
 

14:14:01 Build Finished. 0 errors, 0 warnings. (took 2s.698ms)

