15:16:55 **** Incremental Build of configuration Debug for project POWER_SAVING_STOP_MODE_2 ****
make -j4 all 
arm-none-eabi-gcc "../Core/Src/main.c" -mcpu=cortex-m0plus -std=gnu11 -g3 -DDEBUG -DUSE_HAL_DRIVER -DSTM32L053xx -c -I../Core/Inc -I../Drivers/STM32L0xx_HAL_Driver/Inc -I../Drivers/STM32L0xx_HAL_Driver/Inc/Legacy -I../Drivers/CMSIS/Device/ST/STM32L0xx/Include -I../Drivers/CMSIS/Include -O0 -ffunction-sections -fdata-sections -Wall -fstack-usage -fcyclomatic-complexity -MMD -MP -MF"Core/Src/main.d" -MT"Core/Src/main.o" --specs=nano.specs -mfloat-abi=soft -mthumb -o "Core/Src/main.o"
../Core/Src/main.c: In function 'HAL_GPIO_EXTI_Callback':
../Core/Src/main.c:71:13: warning: suggest parentheses around assignment used as truth value [-Wparentheses]
   71 |         if (GPIO_Pin =GPIO_PIN_0) {
      |             ^~~~~~~~
arm-none-eabi-gcc -o "POWER_SAVING_STOP_MODE_2.elf" @"objects.list"   -mcpu=cortex-m0plus -T"C:\Users\DNK124\Desktop\Priyesh\STM32\POWER_SAVING_STOP_MODE_2\STM32L053C8TX_FLASH.ld" --specs=nosys.specs -Wl,-Map="POWER_SAVING_STOP_MODE_2.map" -Wl,--gc-sections -static --specs=nano.specs -mfloat-abi=soft -mthumb -Wl,--start-group -lc -lm -Wl,--end-group
Finished building target: POWER_SAVING_STOP_MODE_2.elf
 
arm-none-eabi-size   POWER_SAVING_STOP_MODE_2.elf 
arm-none-eabi-objdump -h -S  POWER_SAVING_STOP_MODE_2.elf  > "POWER_SAVING_STOP_MODE_2.list"
   text	   data	    bss	    dec	    hex	filename
  12816	     20	   1740	  14576	   38f0	POWER_SAVING_STOP_MODE_2.elf
Finished building: default.size.stdout
 
Finished building: POWER_SAVING_STOP_MODE_2.list
 

15:16:56 Build Finished. 0 errors, 1 warnings. (took 1s.503ms)

