17:10:41 **** Incremental Build of configuration Debug for project SPI_SD_CARD ****
make -j4 all 
arm-none-eabi-gcc "../Core/Src/main.c" -mcpu=cortex-m4 -std=gnu11 -g3 -DDEBUG -DUSE_HAL_DRIVER -DSTM32L4R5xx -c -I../Core/Inc -I../Drivers/STM32L4xx_HAL_Driver/Inc -I../Drivers/STM32L4xx_HAL_Driver/Inc/Legacy -I../Drivers/CMSIS/Device/ST/STM32L4xx/Include -I../Drivers/CMSIS/Include -I../FATFS/Target -I../FATFS/App -I../Middlewares/Third_Party/FatFs/src -O0 -ffunction-sections -fdata-sections -Wall -fstack-usage -fcyclomatic-complexity -MMD -MP -MF"Core/Src/main.d" -MT"Core/Src/main.o" --specs=nano.specs -mfpu=fpv4-sp-d16 -mfloat-abi=hard -mthumb -o "Core/Src/main.o"
arm-none-eabi-gcc -o "SPI_SD_CARD.elf" @"objects.list"   -mcpu=cortex-m4 -T"C:\Users\DNK124\Desktop\Priyesh\STM32\SPI_SD_CARD\STM32L4R5ZITX_FLASH.ld" --specs=nosys.specs -Wl,-Map="SPI_SD_CARD.map" -Wl,--gc-sections -static --specs=nano.specs -mfpu=fpv4-sp-d16 -mfloat-abi=hard -mthumb -Wl,--start-group -lc -lm -Wl,--end-group
Finished building target: SPI_SD_CARD.elf
 
arm-none-eabi-size   SPI_SD_CARD.elf 
arm-none-eabi-objdump -h -S  SPI_SD_CARD.elf  > "SPI_SD_CARD.list"
   text	   data	    bss	    dec	    hex	filename
  39300	    124	  12076	  51500	   c92c	SPI_SD_CARD.elf
Finished building: default.size.stdout
 
Finished building: SPI_SD_CARD.list
 

17:10:43 Build Finished. 0 errors, 0 warnings. (took 2s.157ms)

