09:58:16 **** Incremental Build of configuration Debug for project UART-DMA ****
make -j4 all 
arm-none-eabi-gcc "../Core/Src/main.c" -mcpu=cortex-m0plus -std=gnu11 -g3 -DDEBUG -DUSE_HAL_DRIVER -DSTM32L053xx -c -I../Core/Inc -I../Drivers/STM32L0xx_HAL_Driver/Inc -I../Drivers/STM32L0xx_HAL_Driver/Inc/Legacy -I../Drivers/CMSIS/Device/ST/STM32L0xx/Include -I../Drivers/CMSIS/Include -O0 -ffunction-sections -fdata-sections -Wall -fstack-usage -MMD -MP -MF"Core/Src/main.d" -MT"Core/Src/main.o" --specs=nano.specs -mfloat-abi=soft -mthumb -o "Core/Src/main.o"
arm-none-eabi-gcc -o "UART-DMA.elf" @"objects.list"   -mcpu=cortex-m0plus -T"C:\Users\DNK124\Desktop\priyesh\STM32\UART-DMA\STM32L053C8TX_FLASH.ld" --specs=nosys.specs -Wl,-Map="UART-DMA.map" -Wl,--gc-sections -static --specs=nano.specs -mfloat-abi=soft -mthumb -Wl,--start-group -lc -lm -Wl,--end-group
Finished building target: UART-DMA.elf
 
arm-none-eabi-size   UART-DMA.elf 
arm-none-eabi-objdump -h -S  UART-DMA.elf  > "UART-DMA.list"
   text	   data	    bss	    dec	    hex	filename
  13088	     40	   1856	  14984	   3a88	UART-DMA.elf
Finished building: default.size.stdout
 
Finished building: UART-DMA.list
 

09:58:24 Build Finished. 0 errors, 0 warnings. (took 8s.415ms)

