15:49:52 **** Incremental Build of configuration Debug for project USB_HID_KEYBOARD_3 ****
make -j4 all 
arm-none-eabi-gcc "../Core/Src/main.c" -mcpu=cortex-m0plus -std=gnu11 -g3 -DDEBUG -DUSE_HAL_DRIVER -DSTM32L053xx -c -I../Core/Inc -I../Drivers/STM32L0xx_HAL_Driver/Inc -I../Drivers/STM32L0xx_HAL_Driver/Inc/Legacy -I../Drivers/CMSIS/Device/ST/STM32L0xx/Include -I../Drivers/CMSIS/Include -I../USB_DEVICE/App -I../USB_DEVICE/Target -I../Middlewares/ST/STM32_USB_Device_Library/Core/Inc -I../Middlewares/ST/STM32_USB_Device_Library/Class/HID/Inc -O0 -ffunction-sections -fdata-sections -Wall -fstack-usage -fcyclomatic-complexity -MMD -MP -MF"Core/Src/main.d" -MT"Core/Src/main.o" --specs=nano.specs -mfloat-abi=soft -mthumb -o "Core/Src/main.o"
arm-none-eabi-gcc -o "USB_HID_KEYBOARD_3.elf" @"objects.list"   -mcpu=cortex-m0plus -T"C:\Users\DNK124\Desktop\Priyesh\STM32\USB_HID_KEYBOARD_3\STM32L053C8TX_FLASH.ld" --specs=nosys.specs -Wl,-Map="USB_HID_KEYBOARD_3.map" -Wl,--gc-sections -static --specs=nano.specs -mfloat-abi=soft -mthumb -Wl,--start-group -lc -lm -Wl,--end-group
Finished building target: USB_HID_KEYBOARD_3.elf
 
arm-none-eabi-size   USB_HID_KEYBOARD_3.elf 
arm-none-eabi-objdump -h -S  USB_HID_KEYBOARD_3.elf  > "USB_HID_KEYBOARD_3.list"
   text	   data	    bss	    dec	    hex	filename
  31024	    352	   3680	  35056	   88f0	USB_HID_KEYBOARD_3.elf
Finished building: default.size.stdout
 
Finished building: USB_HID_KEYBOARD_3.list
 

15:49:53 Build Finished. 0 errors, 0 warnings. (took 1s.714ms)

